// Jest Snapshot v1, https://goo.gl/fbAQLP

exports[`Comment runs 1`] = `
<div>
  <undefined>
    &lt;http://example.com/#bla&gt;
  </undefined>
</div>
`;

exports[`Form field runs 1`] = `
<div
  style="padding-left: 2em; border: 0.05em solid #888888; border-radius: 0.2em; display: flex; flex-direction: column;"
/>
`;

exports[`Heading runs 1`] = `
<div>
  <undefined>
    &lt;http://example.com/#bla&gt;
  </undefined>
</div>
`;

exports[`Options field runs 1`] = `<div />`;

exports[`TristateField runs 1`] = `
<div
  style="display: flex; flex-direction: row;"
>
  <div
    class="formFieldName"
    style="padding: 0.3em; vertical-align: middle; width:8em;"
  >
    Fn
  </div>
  <div
    class="formFieldValue"
  >
    <button
      style="font-size: 150%; height: 1.2em; width: 1.2em; background-color: rgb(238, 238, 255); border-radius: 0.2em; margin: 0.1em;"
    >
      -
    </button>
  </div>
</div>
`;
