// Jest Snapshot v1, https://jestjs.io/docs/snapshot-testing

exports[`notepad runs 1`] = `
<table
  style="padding: var(--sui-space-md, 1em); overflow: auto; resize: horizontal; min-width: 40em;"
>
  <tr>
    <input
      style="font-size: 100%; font-family: var(--sui-font-family-mono, monospace); width: 100%; border: none; white-space: pre-wrap;text-indent: 0em;"
      type="text"
    />
  </tr>
</table>
`;

exports[`notepad status area ... 1`] = `
<table
  style="padding: var(--sui-space-md, 1em); overflow: auto; resize: horizontal; min-width: 40em;"
>
  <tr>
    <input
      style="font-size: 100%; font-family: var(--sui-font-family-mono, monospace); width: 100%; border: none; white-space: pre-wrap;text-indent: 0em;"
      type="text"
    />
  </tr>
</table>
`;
