// Jest Snapshot v1, https://jestjs.io/docs/snapshot-testing

exports[`manageParticipation runs 1`] = `
<table
  style="margin: 0.8em;"
/>
`;

exports[`renderParticipants returns without crashing when a person is not returned 1`] = `
<table
  style="margin: 0.8em;"
/>
`;

exports[`renderParticipants runs 1`] = `
<table
  style="margin: 0.8em;"
/>
`;
